ASxxxx Linker V03.00 + NoICE + sdld,  page 1.
Hexadecimal  [32-Bits]

Area                                    Addr        Size        Decimal Bytes (Attributes)
--------------------------------        ----        ----        ------- ----- ------------
CABS                                00000000    00000000 =           0. bytes (ABS,CON,CODE)

      Value  Global                              Global Defined In Module
      -----  --------------------------------   ------------------------
C:   00000000  l_BIT_BANK                      
C:   00000000  l_BSEG                          
C:   00000000  l_BSEG_BYTES                    
C:   00000000  l_CABS                          
C:   00000000  l_CONST                         
C:   00000000  l_GSINIT                        
C:   00000000  l_GSINIT1                       
C:   00000000  l_GSINIT5                       
C:   00000000  l_IABS                          
C:   00000000  l_ISEG                          
C:   00000000  l_OSEG                          
C:   00000000  l_PSEG                          
C:   00000000  l_REG_BANK_1                    
C:   00000000  l_REG_BANK_2                    
C:   00000000  l_REG_BANK_3                    
C:   00000000  l_RSEG                          
C:   00000000  l_RSEG0                         
C:   00000000  l_RSEG1                         
C:   00000000  l_XABS                          
C:   00000000  l_XINIT                         
C:   00000000  l_XISEG                         
C:   00000000  l_XSEG                          
C:   00000000  l__CODE                         
C:   00000000  s_BSEG                          
C:   00000000  s_CABS                          
C:   00000000  s_DSEG                          
C:   00000000  s_HOME                          
C:   00000000  s_IABS                          
C:   00000000  s_ISEG                          
C:   00000000  s_REG_BANK_0                    
C:   00000000  s_RSEG                          
C:   00000000  s_RSEG0                         
C:   00000000  s_RSEG1                         
C:   00000000  s_XABS                          
C:   00000001  s_PSEG                          
C:   00000001  s_XISEG                         
C:   00000001  s_XSEG                          
C:   00000003  l_GSFINAL                       
C:   00000003  l_GSINIT0                       
C:   00000006  l_HOME                          
C:   00000006  s_GSINIT0                       
C:   00000008  l_REG_BANK_0                    
C:   00000008  s_REG_BANK_1                    
C:   00000008  s_SSEG                          
C:   00000009  s_GSINIT1                       
C:   00000009  s_GSINIT2                       
C:   0000000A  l_GSINIT2                       
C:   00000010  s_REG_BANK_2                    
C:   00000013  s_GSINIT3                       
C:   00000018  s_BIT_BANK                      
ASxxxx Linker V03.00 + NoICE + sdld,  page 2.
Hexadecimal  [32-Bits]

Area                                    Addr        Size        Decimal Bytes (Attributes)
--------------------------------        ----        ----        ------- ----- ------------
CABS                                00000000    00000000 =           0. bytes (ABS,CON,CODE)

      Value  Global                              Global Defined In Module
      -----  --------------------------------   ------------------------
C:   00000018  s_OSEG                          
C:   00000018  s_REG_BANK_3                    
C:   00000020  s_BSEG_BYTES                    
C:   00000020  s__CODE                         
C:   00000022  l_GSINIT3                       
C:   0000002A  l_GSINIT4                       
C:   00000035  s_GSINIT4                       
C:   0000005F  s_GSFINAL                       
C:   0000005F  s_GSINIT                        
C:   0000005F  s_GSINIT5                       
C:   00000062  s_CSEG                          
C:   00000080  l_DSEG                          
C:   000000F8  l_SSEG                          
C:   00000100  l_IRAM                          
C:   0000017E  l_CSEG                          
C:   000001E0  s_CONST                         
C:   000001E0  s_XINIT                         

ASxxxx Linker V03.00 + NoICE + sdld,  page 3.
Hexadecimal  [32-Bits]

Area                                    Addr        Size        Decimal Bytes (Attributes)
--------------------------------        ----        ----        ------- ----- ------------
.  .ABS.                            00000000    00000000 =           0. bytes (ABS,CON)

      Value  Global                              Global Defined In Module
      -----  --------------------------------   ------------------------
     00000000  .__.ABS.                           _startup
     00000080  _P0                                aes_test
     00000080  _P0_0                              aes_test
     00000081  _P0_1                              aes_test
     00000081  _SP                                aes_test
     00000082  _DPL                               aes_test
     00000082  _P0_2                              aes_test
     00000083  _DPH                               aes_test
     00000083  _P0_3                              aes_test
     00000084  _P0_4                              aes_test
     00000085  _P0_5                              aes_test
     00000086  _P0_6                              aes_test
     00000087  _P0_7                              aes_test
     00000087  _PCON                              aes_test
     00000088  _IT0                               aes_test
     00000088  _TCON                              aes_test
     00000089  _IE0                               aes_test
     00000089  _TMOD                              aes_test
     0000008A  _IT1                               aes_test
     0000008A  _TL0                               aes_test
     0000008B  _IE1                               aes_test
     0000008B  _TL1                               aes_test
     0000008C  _TH0                               aes_test
     0000008C  _TR0                               aes_test
     0000008D  _TF0                               aes_test
     0000008D  _TH1                               aes_test
     0000008E  _TR1                               aes_test
     0000008F  _TF1                               aes_test
     00000090  _P1                                aes_test
     00000090  _P1_0                              aes_test
     00000091  _P1_1                              aes_test
     00000092  _P1_2                              aes_test
     00000093  _P1_3                              aes_test
     00000094  _P1_4                              aes_test
     00000095  _P1_5                              aes_test
     00000096  _P1_6                              aes_test
     00000097  _P1_7                              aes_test
     00000098  _RI                                aes_test
     00000098  _SCON                              aes_test
     00000099  _SBUF                              aes_test
     00000099  _TI                                aes_test
     0000009A  _RB8                               aes_test
     0000009B  _TB8                               aes_test
     0000009C  _REN                               aes_test
     0000009D  _SM2                               aes_test
     0000009E  _SM1                               aes_test
     0000009F  _SM0                               aes_test
     000000A0  _P2                                aes_test
     000000A0  _P2_0                              aes_test
     000000A0  __XPAGE                            
ASxxxx Linker V03.00 + NoICE + sdld,  page 4.
Hexadecimal  [32-Bits]

Area                                    Addr        Size        Decimal Bytes (Attributes)
--------------------------------        ----        ----        ------- ----- ------------
.  .ABS.                            00000000    00000000 =           0. bytes (ABS,CON)

      Value  Global                              Global Defined In Module
      -----  --------------------------------   ------------------------
     000000A1  _P2_1                              aes_test
     000000A2  _P2_2                              aes_test
     000000A3  _P2_3                              aes_test
     000000A4  _P2_4                              aes_test
     000000A5  _P2_5                              aes_test
     000000A6  _P2_6                              aes_test
     000000A7  _P2_7                              aes_test
     000000A8  _EX0                               aes_test
     000000A8  _IE                                aes_test
     000000A9  _ET0                               aes_test
     000000AA  _EX1                               aes_test
     000000AB  _ET1                               aes_test
     000000AC  _ES                                aes_test
     000000AD  _ET2                               aes_test
     000000AF  _EA                                aes_test
     000000B0  _P3                                aes_test
     000000B0  _P3_0                              aes_test
     000000B0  _RXD                               aes_test
     000000B1  _P3_1                              aes_test
     000000B1  _TXD                               aes_test
     000000B2  _INT0                              aes_test
     000000B2  _P3_2                              aes_test
     000000B3  _INT1                              aes_test
     000000B3  _P3_3                              aes_test
     000000B4  _P3_4                              aes_test
     000000B4  _T0                                aes_test
     000000B5  _P3_5                              aes_test
     000000B5  _T1                                aes_test
     000000B6  _P3_6                              aes_test
     000000B6  _WR                                aes_test
     000000B7  _P3_7                              aes_test
     000000B7  _RD                                aes_test
     000000B8  _IP                                aes_test
     000000B8  _PX0                               aes_test
     000000B9  _PT0                               aes_test
     000000BA  _PX1                               aes_test
     000000BB  _PT1                               aes_test
     000000BC  _PS                                aes_test
     000000BD  _PT2                               aes_test
     000000C8  _CP_RL2                            aes_test
     000000C8  _T2CON                             aes_test
     000000C8  _T2CON_0                           aes_test
     000000C9  _C_T2                              aes_test
     000000C9  _T2CON_1                           aes_test
     000000CA  _RCAP2L                            aes_test
     000000CA  _T2CON_2                           aes_test
     000000CA  _TR2                               aes_test
     000000CB  _EXEN2                             aes_test
     000000CB  _RCAP2H                            aes_test
     000000CB  _T2CON_3                           aes_test
     000000CC  _T2CON_4                           aes_test
ASxxxx Linker V03.00 + NoICE + sdld,  page 5.
Hexadecimal  [32-Bits]

Area                                    Addr        Size        Decimal Bytes (Attributes)
--------------------------------        ----        ----        ------- ----- ------------
.  .ABS.                            00000000    00000000 =           0. bytes (ABS,CON)

      Value  Global                              Global Defined In Module
      -----  --------------------------------   ------------------------
     000000CC  _TCLK                              aes_test
     000000CC  _TL2                               aes_test
     000000CD  _RCLK                              aes_test
     000000CD  _T2CON_5                           aes_test
     000000CD  _TH2                               aes_test
     000000CE  _EXF2                              aes_test
     000000CE  _T2CON_6                           aes_test
     000000CF  _T2CON_7                           aes_test
     000000CF  _TF2                               aes_test
     000000D0  _P                                 aes_test
     000000D0  _PSW                               aes_test
     000000D1  _F1                                aes_test
     000000D2  _OV                                aes_test
     000000D3  _RS0                               aes_test
     000000D4  _RS1                               aes_test
     000000D5  _F0                                aes_test
     000000D6  _AC                                aes_test
     000000D7  _CY                                aes_test
     000000E0  _ACC                               aes_test
     000000F0  _B                                 aes_test
     0000E000  _data                              aes_test
     0000FF00  _aes_reg_start                     aes_test
     0000FF01  _aes_reg_state                     aes_test
     0000FF02  _aes_reg_addr                      aes_test
     0000FF04  _aes_reg_len                       aes_test
     0000FF10  _aes_reg_ctr                       aes_test
     0000FF20  _aes_reg_key0                      aes_test
     0000FF30  _aes_reg_key1                      aes_test
     0000FF80  _pt_wren                           aes_test
     0000FFA0  _pt_rden                           aes_test

ASxxxx Linker V03.00 + NoICE + sdld,  page 6.
Hexadecimal  [32-Bits]

Area                                    Addr        Size        Decimal Bytes (Attributes)
--------------------------------        ----        ----        ------- ----- ------------
REG_BANK_0                          00000000    00000008 =           8. bytes (REL,OVR)

      Value  Global                              Global Defined In Module
      -----  --------------------------------   ------------------------
ASxxxx Linker V03.00 + NoICE + sdld,  page 7.
Hexadecimal  [32-Bits]

Area                                    Addr        Size        Decimal Bytes (Attributes)
--------------------------------        ----        ----        ------- ----- ------------
DSEG                                00000000    00000080 =         128. bytes (REL,CON)

      Value  Global                              Global Defined In Module
      -----  --------------------------------   ------------------------
ASxxxx Linker V03.00 + NoICE + sdld,  page 8.
Hexadecimal  [32-Bits]

Area                                    Addr        Size        Decimal Bytes (Attributes)
--------------------------------        ----        ----        ------- ----- ------------
SSEG                                00000008    000000F8 =         248. bytes (REL,OVR)

      Value  Global                              Global Defined In Module
      -----  --------------------------------   ------------------------
     00000008  __start__stack                     aes_test

ASxxxx Linker V03.00 + NoICE + sdld,  page 9.
Hexadecimal  [32-Bits]

Area                                    Addr        Size        Decimal Bytes (Attributes)
--------------------------------        ----        ----        ------- ----- ------------
HOME                                00000000    00000006 =           6. bytes (REL,CON,CODE)

      Value  Global                              Global Defined In Module
      -----  --------------------------------   ------------------------
C:   00000003  __sdcc_program_startup             aes_test

ASxxxx Linker V03.00 + NoICE + sdld,  page 10.
Hexadecimal  [32-Bits]

Area                                    Addr        Size        Decimal Bytes (Attributes)
--------------------------------        ----        ----        ------- ----- ------------
GSINIT0                             00000006    00000003 =           3. bytes (REL,CON,CODE)

      Value  Global                              Global Defined In Module
      -----  --------------------------------   ------------------------
C:   00000006  __sdcc_gsinit_startup              

ASxxxx Linker V03.00 + NoICE + sdld,  page 11.
Hexadecimal  [32-Bits]

Area                                    Addr        Size        Decimal Bytes (Attributes)
--------------------------------        ----        ----        ------- ----- ------------
GSINIT2                             00000009    0000000A =          10. bytes (REL,CON,CODE)

      Value  Global                              Global Defined In Module
      -----  --------------------------------   ------------------------
ASxxxx Linker V03.00 + NoICE + sdld,  page 12.
Hexadecimal  [32-Bits]

Area                                    Addr        Size        Decimal Bytes (Attributes)
--------------------------------        ----        ----        ------- ----- ------------
GSINIT3                             00000013    00000022 =          34. bytes (REL,CON,CODE)

      Value  Global                              Global Defined In Module
      -----  --------------------------------   ------------------------
C:   00000013  __mcs51_genXINIT                   

ASxxxx Linker V03.00 + NoICE + sdld,  page 13.
Hexadecimal  [32-Bits]

Area                                    Addr        Size        Decimal Bytes (Attributes)
--------------------------------        ----        ----        ------- ----- ------------
GSINIT4                             00000035    0000002A =          42. bytes (REL,CON,CODE)

      Value  Global                              Global Defined In Module
      -----  --------------------------------   ------------------------
C:   00000035  __mcs51_genRAMCLEAR                
C:   0000003B  __mcs51_genXRAMCLEAR               

ASxxxx Linker V03.00 + NoICE + sdld,  page 14.
Hexadecimal  [32-Bits]

Area                                    Addr        Size        Decimal Bytes (Attributes)
--------------------------------        ----        ----        ------- ----- ------------
GSFINAL                             0000005F    00000003 =           3. bytes (REL,CON,CODE)

      Value  Global                              Global Defined In Module
      -----  --------------------------------   ------------------------
ASxxxx Linker V03.00 + NoICE + sdld,  page 15.
Hexadecimal  [32-Bits]

Area                                    Addr        Size        Decimal Bytes (Attributes)
--------------------------------        ----        ----        ------- ----- ------------
CSEG                                00000062    0000017E =         382. bytes (REL,CON,CODE)

      Value  Global                              Global Defined In Module
      -----  --------------------------------   ------------------------
C:   00000062  _quit                              aes_test
C:   00000088  _main                              aes_test
C:   000001DC  __sdcc_external_startup            _startup
ASxxxx Linker V03.00 + NoICE + sdld,  page 16.

Files Linked                              [ module(s) ]

aes_test.rel                              [  ]


Libraries Linked                          [ object file ]

/usr/bin/../share/sdcc/lib/small/mcs51.lib
                                          [ crtclear.rel ]
/usr/bin/../share/sdcc/lib/small/mcs51.lib
                                          [ crtxinit.rel ]
/usr/bin/../share/sdcc/lib/small/mcs51.lib
                                          [ crtxclear.rel ]
/usr/bin/../share/sdcc/lib/small/mcs51.lib
                                          [ crtpagesfr.rel ]
/usr/bin/../share/sdcc/lib/small/mcs51.lib
                                          [ crtstart.rel ]
/usr/bin/../share/sdcc/lib/small/libsdcc.lib
                                          [ _startup.rel ]

ASxxxx Linker V03.00 + NoICE + sdld,  page 17.

User Base Address Definitions

HOME = 0x0000
XSEG = 0x0001
PSEG = 0x0001
ISEG = 0x0000
BSEG = 0x0000

